// Jest Snapshot v1, https://goo.gl/fbAQLP

exports[`Announcement bar renders to the page 1`] = `
<div
  className="sc-bczRLJ bnzveL"
>
  SITE-WIDE ANNOUNCEMENT MESSAGE! SALE/DISCOUNT 
  <strong>
    OFFER
  </strong>
   - 
  <u>
    NEW PRODUCT HIGHLIGHT
  </u>
</div>
`;
