// Jest Snapshot v1, https://goo.gl/fbAQLP

exports[`Search bar renders to the page 1`] = `
<input
  type="search"
/>
`;
