// Jest Snapshot v1, https://goo.gl/fbAQLP

exports[`List of Features renders to the page 1`] = `
<div
  className="sc-gsnTZi eocKDQ"
/>
`;
