// Jest Snapshot v1, https://goo.gl/fbAQLP

exports[`Feature renders to the page 1`] = `
<div
  className="sc-bczRLJ iKTmzu"
>
  : 
</div>
`;
