// Jest Snapshot v1, https://goo.gl/fbAQLP

exports[`Category renders to the page 1`] = `
<div>
  CATEGORY
</div>
`;
