// Jest Snapshot v1, https://goo.gl/fbAQLP

exports[`price renders to the page 1`] = `
<span
  className="sc-bczRLJ bBzYPN"
>
  $
</span>
`;
