// Jest Snapshot v1, https://goo.gl/fbAQLP

exports[`Product name renders to the page 1`] = `
<div
  className="sc-bczRLJ fuTHEy"
>
  Expanded Product Name
</div>
`;
