// Jest Snapshot v1, https://goo.gl/fbAQLP

exports[`Thumbnail renders to the page 1`] = `
<div
  className="sc-bczRLJ jprvzM"
  size="5px"
/>
`;
